SimpleProject[1:1-2:12]
|name:
|  Id[1:9-1:15]
|  |tok: Simple
|items: <null>
|end_id:
|  Id[2:5-2:11]
|  |tok: Simple
